Traceback (most recent call last):
  File "/net/sever/mech/miniconda3/envs/howtoac3/lib/python3.11/site-packages/jupyter_cache/executors/utils.py", line 58, in single_nb_execution
    executenb(
  File "/net/sever/mech/miniconda3/envs/howtoac3/lib/python3.11/site-packages/nbclient/client.py", line 1305, in execute
    return NotebookClient(nb=nb, resources=resources, km=km, **kwargs).execute()
           ^^^^^^^^^^^^^^^^^^^^^^^^^^^^^^^^^^^^^^^^^^^^^^^^^^^^^^^^^^^^^^^^^^^^^
  File "/net/sever/mech/miniconda3/envs/howtoac3/lib/python3.11/site-packages/jupyter_core/utils/__init__.py", line 165, in wrapped
    return loop.run_until_complete(inner)
           ^^^^^^^^^^^^^^^^^^^^^^^^^^^^^^
  File "/net/sever/mech/miniconda3/envs/howtoac3/lib/python3.11/asyncio/base_events.py", line 654, in run_until_complete
    return future.result()
           ^^^^^^^^^^^^^^^
  File "/net/sever/mech/miniconda3/envs/howtoac3/lib/python3.11/site-packages/nbclient/client.py", line 705, in async_execute
    await self.async_execute_cell(
  File "/net/sever/mech/miniconda3/envs/howtoac3/lib/python3.11/site-packages/nbclient/client.py", line 1058, in async_execute_cell
    await self._check_raise_for_error(cell, cell_index, exec_reply)
  File "/net/sever/mech/miniconda3/envs/howtoac3/lib/python3.11/site-packages/nbclient/client.py", line 914, in _check_raise_for_error
    raise CellExecutionError.from_cell_and_msg(cell, exec_reply_content)
nbclient.exceptions.CellExecutionError: An error occurred while executing the following cell:
------------------
ds_dict = {'ACLOUD': {}, 'AFLUX': {}, 'MOSAiC-ACA': {},'HALO-AC3': {},'HAMAG': {},'COMPEX-EC': {}}
for campaign in meta.values():
    for platform in campaign.values():
        for flight in platform.values():
            for segment in flight['segments']:
                if 'dropsondes' in segment.keys() and segment['dropsondes']:
                    for sonde in segment['dropsondes']:
                        params = {'segment_id': segment['segment_id'],
                                  'flight_id': flight['flight_id'],
                                  'date': flight['date'],
                                  'name': flight['name'],
                                 }
                        ds_dict[flight['mission']][sonde] = params
                        print(sonde)
------------------

----- stdout -----
ACLOUD_P5_RF05_DS01
ACLOUD_P5_RF05_DS02
ACLOUD_P5_RF05_DS03
ACLOUD_P5_RF05_DS04
ACLOUD_P5_RF05_DS05
ACLOUD_P5_RF05_DS06
ACLOUD_P5_RF05_DS07
ACLOUD_P5_RF06_DS01
ACLOUD_P5_RF06_DS02
ACLOUD_P5_RF06_DS03
ACLOUD_P5_RF07_DS01
ACLOUD_P5_RF07_DS02
ACLOUD_P5_RF07_DS03
ACLOUD_P5_RF10_DS01
ACLOUD_P5_RF10_DS02
ACLOUD_P5_RF11_DS01
ACLOUD_P5_RF11_DS02
ACLOUD_P5_RF11_DS03
ACLOUD_P5_RF13_DS01
ACLOUD_P5_RF13_DS02
ACLOUD_P5_RF13_DS03
ACLOUD_P5_RF14_DS01
ACLOUD_P5_RF14_DS02
ACLOUD_P5_RF14_DS03
ACLOUD_P5_RF14_DS04
ACLOUD_P5_RF14_DS05
ACLOUD_P5_RF14_DS06
ACLOUD_P5_RF16_DS01
ACLOUD_P5_RF17_DS01
ACLOUD_P5_RF17_DS02
ACLOUD_P5_RF17_DS03
ACLOUD_P5_RF18_DS01
ACLOUD_P5_RF18_DS02
ACLOUD_P5_RF18_DS03
ACLOUD_P5_RF18_DS04
ACLOUD_P5_RF18_DS05
ACLOUD_P5_RF18_DS06
ACLOUD_P5_RF18_DS07
ACLOUD_P5_RF19_DS01
ACLOUD_P5_RF19_DS02
ACLOUD_P5_RF19_DS03
ACLOUD_P5_RF19_DS04
ACLOUD_P5_RF19_DS05
ACLOUD_P5_RF20_DS01
ACLOUD_P5_RF20_DS02
ACLOUD_P5_RF20_DS03
ACLOUD_P5_RF20_DS04
ACLOUD_P5_RF21_DS01
ACLOUD_P5_RF21_DS02
ACLOUD_P5_RF22_DS01
ACLOUD_P5_RF22_DS02
ACLOUD_P5_RF22_DS03
ACLOUD_P5_RF22_DS04
ACLOUD_P5_RF23_DS01
ACLOUD_P5_RF23_DS02
AFLUX_P5_RF02_DS01
AFLUX_P5_RF04_DS01
AFLUX_P5_RF04_DS02
AFLUX_P5_RF04_DS03
AFLUX_P5_RF04_DS04
AFLUX_P5_RF04_DS05
AFLUX_P5_RF05_DS01
AFLUX_P5_RF05_DS02
AFLUX_P5_RF05_DS03
AFLUX_P5_RF05_DS04
AFLUX_P5_RF06_DS01
AFLUX_P5_RF06_DS02
AFLUX_P5_RF06_DS03
AFLUX_P5_RF06_DS04
AFLUX_P5_RF06_DS05
AFLUX_P5_RF07_DS01
AFLUX_P5_RF07_DS02
AFLUX_P5_RF07_DS03
AFLUX_P5_RF08_DS01
AFLUX_P5_RF08_DS02
AFLUX_P5_RF08_DS03
AFLUX_P5_RF08_DS04
AFLUX_P5_RF09_DS01
AFLUX_P5_RF09_DS02
AFLUX_P5_RF09_DS03
AFLUX_P5_RF09_DS04
AFLUX_P5_RF09_DS05
AFLUX_P5_RF10_DS01
AFLUX_P5_RF10_DS02
AFLUX_P5_RF10_DS03
AFLUX_P5_RF15_DS01
AFLUX_P5_RF15_DS02
AFLUX_P5_RF15_DS03
COMPEX-EC_P5_RF01_DS01
COMPEX-EC_P5_RF01_DS02
COMPEX-EC_P5_RF01_DS03
COMPEX-EC_P5_RF03_DS01
COMPEX-EC_P5_RF03_DS02
COMPEX-EC_P5_RF03_DS03
COMPEX-EC_P5_RF03_DS04
COMPEX-EC_P5_RF03_DS05
COMPEX-EC_P5_RF05_DS01
COMPEX-EC_P5_RF05_DS02
COMPEX-EC_P5_RF05_DS03
COMPEX-EC_P5_RF05_DS04
COMPEX-EC_P5_RF05_DS05
COMPEX-EC_P5_RF05_DS06
COMPEX-EC_P5_RF06_DS01
COMPEX-EC_P5_RF06_DS02
COMPEX-EC_P5_RF06_DS03
COMPEX-EC_P5_RF06_DS04
COMPEX-EC_P5_RF06_DS05
COMPEX-EC_P5_RF06_DS06
COMPEX-EC_P5_RF06_DS07
COMPEX-EC_P5_RF06_DS08
COMPEX-EC_P5_RF06_DS09
COMPEX-EC_P5_RF07_DS01
COMPEX-EC_P5_RF07_DS02
COMPEX-EC_P5_RF07_DS03
COMPEX-EC_P5_RF07_DS04
COMPEX-EC_P5_RF07_DS05
------------------

[31m---------------------------------------------------------------------------[39m
[31mKeyError[39m                                  Traceback (most recent call last)
[36mCell[39m[36m [39m[32mIn[8][39m[32m, line 13[39m
[32m      7[39m [38;5;28;01mfor[39;00m sonde [38;5;129;01min[39;00m segment[[33m'[39m[33mdropsondes[39m[33m'[39m]:
[32m      8[39m     params = {[33m'[39m[33msegment_id[39m[33m'[39m: segment[[33m'[39m[33msegment_id[39m[33m'[39m],
[32m      9[39m               [33m'[39m[33mflight_id[39m[33m'[39m: flight[[33m'[39m[33mflight_id[39m[33m'[39m],
[32m     10[39m               [33m'[39m[33mdate[39m[33m'[39m: flight[[33m'[39m[33mdate[39m[33m'[39m],
[32m     11[39m               [33m'[39m[33mname[39m[33m'[39m: flight[[33m'[39m[33mname[39m[33m'[39m],
[32m     12[39m              }
[32m---> [39m[32m13[39m     [43mds_dict[49m[43m[[49m[43mflight[49m[43m[[49m[33;43m'[39;49m[33;43mmission[39;49m[33;43m'[39;49m[43m][49m[43m][49m[sonde] = params
[32m     14[39m     [38;5;28mprint[39m(sonde)

[31mKeyError[39m: 'COMPEX'

